// Vitest Snapshot v1, https://vitest.dev/guide/snapshot.html

exports[`MAP golden fixtures > object properties snapshot correctly > map-objects 1`] = `
[
  {
    "angle": 0,
    "flags": 1,
    "position": {
      "x": 100,
      "y": 200,
      "z": 0,
    },
    "templateName": "USATankCrusader",
  },
  {
    "angle": 180,
    "flags": 2,
    "position": {
      "x": 500,
      "y": 300,
      "z": 6,
    },
    "templateName": "ChinaOverlord",
  },
  {
    "angle": 270,
    "flags": 3,
    "position": {
      "x": 800,
      "y": 100,
      "z": 0,
    },
    "templateName": "GLAScorpion",
  },
]
`;

exports[`MAP golden fixtures > path-heavy waypoint graph snapshot > map-waypoint-graph 1`] = `
{
  "links": [
    {
      "waypoint1": 11,
      "waypoint2": 12,
    },
    {
      "waypoint1": 12,
      "waypoint2": 11,
    },
    {
      "waypoint1": 12,
      "waypoint2": 13,
    },
    {
      "waypoint1": 13,
      "waypoint2": 12,
    },
  ],
  "nodes": [
    {
      "biDirectional": true,
      "id": 11,
      "name": "TrainRouteStart01",
      "pathLabel1": "RailMain",
      "pathLabel2": undefined,
      "pathLabel3": undefined,
    },
    {
      "biDirectional": false,
      "id": 12,
      "name": "TrainRouteMid01",
      "pathLabel1": undefined,
      "pathLabel2": "LocalEdge",
      "pathLabel3": undefined,
    },
    {
      "biDirectional": true,
      "id": 13,
      "name": "TrainRouteEnd01",
      "pathLabel1": undefined,
      "pathLabel2": undefined,
      "pathLabel3": "ReturnPath",
    },
  ],
}
`;

exports[`MAP golden fixtures > trigger polygon vertices snapshot correctly > map-triggers 1`] = `
[
  {
    "id": 1,
    "isWaterArea": false,
    "name": "PlayerStart_0",
    "pointCount": 4,
    "points": [
      {
        "x": 0,
        "y": 0,
        "z": 0,
      },
      {
        "x": 100,
        "y": 0,
        "z": 0,
      },
      {
        "x": 100,
        "y": 100,
        "z": 0,
      },
      {
        "x": 0,
        "y": 100,
        "z": 0,
      },
    ],
  },
  {
    "id": 2,
    "isWaterArea": true,
    "name": "WaterZone",
    "pointCount": 3,
    "points": [
      {
        "x": 200,
        "y": 200,
        "z": 0,
      },
      {
        "x": 300,
        "y": 200,
        "z": 0,
      },
      {
        "x": 250,
        "y": 300,
        "z": 0,
      },
    ],
  },
]
`;
